[Fx] PROVIDE	fx.Lifecycle <= go.uber.org/fx.New.func1()
[Fx] PROVIDE	fx.Shutdowner <= go.uber.org/fx.(*App).shutdowner-fm()
[Fx] PROVIDE	fx.DotGraph <= go.uber.org/fx.(*App).dotGraph-fm()
[Fx] PROVIDE	*zap.Logger <= github.com/SZabrodskii/gophermart-stas/pkg/logger.NewZapInstance()
[Fx] PROVIDE	httpbara.Logger <= github.com/SZabrodskii/gophermart-stas/pkg/logger.NewZapLogger()
[Fx] PROVIDE	*config.Config <= github.com/SZabrodskii/gophermart-stas/internal/config.New()
[Fx] PROVIDE	*database.DB <= github.com/SZabrodskii/gophermart-stas/internal/database.New()
[Fx] PROVIDE	accrual.Client <= github.com/SZabrodskii/gophermart-stas/internal/accrual.ProvideClient()
[Fx] PROVIDE	workers.AccrualWorkerI <= github.com/SZabrodskii/gophermart-stas/internal/workers.NewAccrualWorker()
[Fx] PROVIDE	*httpbara.Handler[group = "handlers"] <= github.com/SZabrodskii/gophermart-stas/internal/controllers.NewAuthController()
[Fx] PROVIDE	*httpbara.Handler[group = "handlers"] <= github.com/SZabrodskii/gophermart-stas/internal/controllers.NewOrderController()
[Fx] PROVIDE	*httpbara.Handler[group = "handlers"] <= github.com/SZabrodskii/gophermart-stas/internal/controllers.NewBalanceController()
[Fx] PROVIDE	*httpbara.Handler[group = "handlers"] <= github.com/SZabrodskii/gophermart-stas/internal/controllers.NewMiddlewareController()
[Fx] PROVIDE	server.HTTPServerParams <= github.com/SZabrodskii/gophermart-stas/internal/server.ProvideHTTPModule.func1()
[Fx] PROVIDE	httpbara.Engine <= github.com/SZabrodskii/gophermart-stas/internal/server.NewHTTPServer()
[Fx] PROVIDE	domain.OrderServiceI <= fx.Annotate(github.com/SZabrodskii/gophermart-stas/internal/services.NewOrderService(), fx.As([[domain.OrderServiceI]]) from module "services"
[Fx] PROVIDE	domain.BalanceServiceI <= fx.Annotate(github.com/SZabrodskii/gophermart-stas/internal/services.NewBalanceService(), fx.As([[domain.BalanceServiceI]]) from module "services"
[Fx] PROVIDE	domain.UserServiceI <= fx.Annotate(github.com/SZabrodskii/gophermart-stas/internal/services.NewUserService(), fx.As([[domain.UserServiceI]]) from module "services"
[Fx] INVOKE		main.createApp.func1()
[Fx] BEFORE RUN	provide: go.uber.org/fx.New.func1()
[Fx] RUN	provide: go.uber.org/fx.New.func1() in 63.252µs
[Fx] BEFORE RUN	provide: github.com/SZabrodskii/gophermart-stas/pkg/logger.NewZapInstance()
[Fx] RUN	provide: github.com/SZabrodskii/gophermart-stas/pkg/logger.NewZapInstance() in 95.055µs
[Fx] BEFORE RUN	provide: github.com/SZabrodskii/gophermart-stas/pkg/logger.NewZapLogger()
[Fx] RUN	provide: github.com/SZabrodskii/gophermart-stas/pkg/logger.NewZapLogger() in 6.55µs
[Fx] BEFORE RUN	provide: github.com/SZabrodskii/gophermart-stas/internal/config.New()
[Fx] RUN	provide: github.com/SZabrodskii/gophermart-stas/internal/config.New() in 9.607µs
[Fx] BEFORE RUN	provide: github.com/SZabrodskii/gophermart-stas/internal/database.New()
{"level":"info","ts":1764468858.8330684,"caller":"logger/logger.go:20","msg":"Connecting to database","uri":"***masked***"}
[Fx] RUN	provide: github.com/SZabrodskii/gophermart-stas/internal/database.New() in 3.491214ms
[Fx] BEFORE RUN	provide: fx.Annotate(github.com/SZabrodskii/gophermart-stas/internal/services.NewUserService(), fx.As([[domain.UserServiceI]]) from module "services"
[Fx] RUN	provide: fx.Annotate(github.com/SZabrodskii/gophermart-stas/internal/services.NewUserService(), fx.As([[domain.UserServiceI]]) in 46.464µs from module "services"
[Fx] BEFORE RUN	provide: github.com/SZabrodskii/gophermart-stas/internal/controllers.NewAuthController()
[Fx] RUN	provide: github.com/SZabrodskii/gophermart-stas/internal/controllers.NewAuthController() in 138.978µs
[Fx] BEFORE RUN	provide: fx.Annotate(github.com/SZabrodskii/gophermart-stas/internal/services.NewOrderService(), fx.As([[domain.OrderServiceI]]) from module "services"
[Fx] RUN	provide: fx.Annotate(github.com/SZabrodskii/gophermart-stas/internal/services.NewOrderService(), fx.As([[domain.OrderServiceI]]) in 11.421µs from module "services"
[Fx] BEFORE RUN	provide: github.com/SZabrodskii/gophermart-stas/internal/controllers.NewOrderController()
[Fx] RUN	provide: github.com/SZabrodskii/gophermart-stas/internal/controllers.NewOrderController() in 80.126µs
[Fx] BEFORE RUN	provide: fx.Annotate(github.com/SZabrodskii/gophermart-stas/internal/services.NewBalanceService(), fx.As([[domain.BalanceServiceI]]) from module "services"
[Fx] RUN	provide: fx.Annotate(github.com/SZabrodskii/gophermart-stas/internal/services.NewBalanceService(), fx.As([[domain.BalanceServiceI]]) in 11.015µs from module "services"
[Fx] BEFORE RUN	provide: github.com/SZabrodskii/gophermart-stas/internal/controllers.NewBalanceController()
[Fx] RUN	provide: github.com/SZabrodskii/gophermart-stas/internal/controllers.NewBalanceController() in 135.211µs
[Fx] BEFORE RUN	provide: github.com/SZabrodskii/gophermart-stas/internal/controllers.NewMiddlewareController()
[Fx] RUN	provide: github.com/SZabrodskii/gophermart-stas/internal/controllers.NewMiddlewareController() in 31.481µs
[Fx] BEFORE RUN	provide: github.com/SZabrodskii/gophermart-stas/internal/server.ProvideHTTPModule.func1()
[Fx] RUN	provide: github.com/SZabrodskii/gophermart-stas/internal/server.ProvideHTTPModule.func1() in 7.972µs
[Fx] BEFORE RUN	provide: github.com/SZabrodskii/gophermart-stas/internal/server.NewHTTPServer()
[GIN-debug] [WARNING] Running in "debug" mode. Switch to "release" mode in production.
 - using env:	export GIN_MODE=release
 - using code:	gin.SetMode(gin.ReleaseMode)

[GIN-debug] POST   /api/user/orders          --> github.com/gopybara/httpbara.(*core).flatHandlers.func1 (3 handlers)
{"level":"info","ts":1764468858.8372667,"caller":"logger/logger.go:20","msg":"route was registered","method":"POST","route":"/api/user/orders","middlewares":["jwt"]}
[GIN-debug] GET    /api/user/orders          --> github.com/gopybara/httpbara.(*core).flatHandlers.func1 (3 handlers)
{"level":"info","ts":1764468858.837331,"caller":"logger/logger.go:20","msg":"route was registered","method":"GET","route":"/api/user/orders","middlewares":["jwt"]}
[GIN-debug] POST   /api/user/register        --> github.com/gopybara/httpbara.(*core).flatHandlers.func1 (2 handlers)
{"level":"info","ts":1764468858.8373532,"caller":"logger/logger.go:20","msg":"route was registered","method":"POST","route":"/api/user/register","middlewares":[]}
[GIN-debug] POST   /api/user/login           --> github.com/gopybara/httpbara.(*core).flatHandlers.func1 (2 handlers)
{"level":"info","ts":1764468858.8373709,"caller":"logger/logger.go:20","msg":"route was registered","method":"POST","route":"/api/user/login","middlewares":[]}
[GIN-debug] GET    /api/user/balance         --> github.com/gopybara/httpbara.(*core).flatHandlers.func1 (3 handlers)
{"level":"info","ts":1764468858.8373978,"caller":"logger/logger.go:20","msg":"route was registered","method":"GET","route":"/api/user/balance","middlewares":["jwt"]}
[GIN-debug] POST   /api/user/balance/withdraw --> github.com/gopybara/httpbara.(*core).flatHandlers.func1 (3 handlers)
{"level":"info","ts":1764468858.8374174,"caller":"logger/logger.go:20","msg":"route was registered","method":"POST","route":"/api/user/balance/withdraw","middlewares":["jwt"]}
[GIN-debug] GET    /api/user/withdrawals     --> github.com/gopybara/httpbara.(*core).flatHandlers.func1 (3 handlers)
{"level":"info","ts":1764468858.8374352,"caller":"logger/logger.go:20","msg":"route was registered","method":"GET","route":"/api/user/withdrawals","middlewares":["jwt"]}
[Fx] RUN	provide: github.com/SZabrodskii/gophermart-stas/internal/server.NewHTTPServer() in 318.939µs
[Fx] BEFORE RUN	provide: github.com/SZabrodskii/gophermart-stas/internal/accrual.ProvideClient()
{"level":"info","ts":1764468858.8375623,"caller":"logger/logger.go:20","msg":"Accrual client created","base_url":"http://localhost:8081","timeout":"30s","max_retries":3,"requests_per_minute":60}
[Fx] RUN	provide: github.com/SZabrodskii/gophermart-stas/internal/accrual.ProvideClient() in 46.804µs
[Fx] BEFORE RUN	provide: github.com/SZabrodskii/gophermart-stas/internal/workers.NewAccrualWorker()
[Fx] RUN	provide: github.com/SZabrodskii/gophermart-stas/internal/workers.NewAccrualWorker() in 7.314µs
{"level":"info","ts":1764468858.8376698,"caller":"logger/logger.go:20","msg":"Starting accrual worker"}
[Fx] HOOK OnStart		github.com/SZabrodskii/gophermart-stas/internal/database.New.func1() executing (caller: github.com/SZabrodskii/gophermart-stas/internal/database.New)
{"level":"info","ts":1764468858.8379054,"caller":"logger/logger.go:20","msg":"Starting database migration"}
{"level":"info","ts":1764468858.973895,"caller":"logger/logger.go:20","msg":"GORM AutoMigrate completed successfully"}
{"level":"info","ts":1764468858.973966,"caller":"logger/logger.go:20","msg":"Database connected and migrated successfully"}
[Fx] HOOK OnStart		github.com/SZabrodskii/gophermart-stas/internal/database.New.func1() called by github.com/SZabrodskii/gophermart-stas/internal/database.New ran successfully in 136.241053ms
[Fx] HOOK OnStart		github.com/SZabrodskii/gophermart-stas/internal/server.NewHTTPServer.func1() executing (caller: github.com/SZabrodskii/gophermart-stas/internal/server.NewHTTPServer)
{"level":"info","ts":1764468858.9740279,"caller":"logger/logger.go:20","msg":"Starting HTTP server","port":"8080"}
[Fx] HOOK OnStart		github.com/SZabrodskii/gophermart-stas/internal/server.NewHTTPServer.func1() called by github.com/SZabrodskii/gophermart-stas/internal/server.NewHTTPServer ran successfully in 19.15µs
[Fx] RUNN{"level":"info","ts":1764468862.64501,"caller":"logger/logger.go:20","msg":"Request failed, retrying","attempt":1,"max_attempts":4,"delay":"1s","error":"order not registered in accrual system"}
{"level":"info","ts":1764468863.6453533,"caller":"logger/logger.go:20","msg":"Request failed, retrying","attempt":2,"max_attempts":4,"delay":"2s","error":"order not registered in accrual system"}
{"level":"info","ts":1764468865.6463332,"caller":"logger/logger.go:20","msg":"Request failed, retrying","attempt"{"level":"info","ts":1764468868.8484557,"caller":"logger/logger.go:20","msg":"Reque{"level":"error","ts":1764468869.6486113,"caller":"logger/logger.go:28","msg":"Failed to get order info from accr{"level":"info","ts":1764468869.8494577,"caller":"logger/logger.go:20","msg":"Request failed, retrying","attempt":2,"max_attempts":4,"delay":"2s","error":"order not registered in accrual system"}
{"level":"info","ts":1764468871.8504105,"caller":"logger/logger.go:20","msg":"Request failed, retrying","attempt":3,"max_attempts":4,"delay":"4s","error":"order not registered in accrual system"}
{"level":"error","ts":1764468875.8512254,"caller":"logger/logger.go:28","msg":"Failed to get order info from accrual","error":"all retry attempts failed, last error: order not registered in accrual system","error":"order","stacktrace":"github.com/SZabrodskii/gophermart-stas/pkg/logger.(*ZapLogger).Error\n\t/home/stas/GolandProjects/go-musthave-diploma-tpl/pkg/logger/logger.go:28\ngithub.com/SZabrodskii/gophermart-stas/internal/workers.(*accrualWorker).processOrder\n\t/home/stas/GolandProjects/go-musthave-diploma-tpl/internal/workers/accrual.go:90\ngithub.com/SZabrodskii/gophermart-stas/internal/workers.(*accrualWorker).processOrders\n\t/home/stas/GolandProjects/go-musthave-diploma-tpl/internal/workers/accrual.go:82\ngithub.com/SZabrodskii/gophermart-stas/internal/workers.(*accrualWorker).Start\n\t/home/stas/GolandProjects/go-musthave-diploma-tpl/internal/workers/accrual.go:61"}
{"level":"info","ts":1764468875.851448,"caller":"logger/logger.go:20","msg":"Request failed, retrying","attempt":1,"max_attempts":4,"delay":"1s","error":"order not registered in accrual system"}
{"level":"info","ts":1764468876.852472,"caller":"logger/logger.go:20","msg":"Request failed, retrying","attempt":2,"max_attempts":4,"delay":"2s","error":"order not registered in accrual system"}
{"level":"info","ts":1764468878.8535125,"caller":"logger/logger.go:20","msg":"Request failed, retrying","attempt":3,"max_attempts":4,"delay":"4s","error":"order not registered in accrual system"}
{"level":"error","ts":1764468882.8576145,"caller":"logger/logger.go:28","msg":"Failed to get order info from accrual","error":"all retry attempts failed, last error: order not registered in accrual system","error":"order","stacktrace":"github.com/SZabrodskii/gophermart-stas/pkg/logger.(*ZapLogger).Error\n\t/home/stas/GolandProjects/go-musthave-diploma-tpl/pkg/logger/logger.go:28\ngithub.com/SZabrodskii/gophermart-stas/internal/workers.(*accrualWorker).processOrder\n\t/home/stas/GolandProjects/go-musthave-diploma-tpl/internal/workers/accrual.go:90\ngithub.com/SZabrodskii/gophermart-stas/internal/workers.(*accrualWorker).processOrders\n\t/home/stas/GolandProjects/go-musthave-diploma-tpl/internal/workers/accrual.go:82\ngithub.com/SZabrodskii/gophermart-stas/internal/workers.(*accrualWorker).Start\n\t/home/stas/GolandProjects/go-musthave-diploma-tpl/internal/workers/accrual.go:61"}
{"level":"info","ts":1764468882.8581142,"caller":"logger/logger.go:20","msg":"Request failed, retrying","attempt":1,"max_attempts":4,"delay":"1s","error":"order not registered in accrual system"}
{"level":"info","ts":1764468883.8584433,"caller":"logger/logger.go:20","msg":"Request failed, retrying","attempt":2,"max_attempts":4,"delay":"2s","error":"order not registered in accrual system"}
{"level":"info","ts":1764468885.8594017,"caller":"logger/logger.go:20","msg":"Request failed, retrying","attempt":3,"max_attempts":4,"delay":"4s","error":"order not registered in accrual system"}
{"level":"error","ts":1764468889.862388,"caller":"logger/logger.go:28","msg":"Failed to get order info from accrual","error":"all retry attempts failed, last error: order not registered in accrual system","error":"order","stacktrace":"github.com/SZabrodskii/gophermart-stas/pkg/logger.(*ZapLogger).Error\n\t/home/stas/GolandProjects/go-musthave-diploma-tpl/pkg/logger/logger.go:28\ngithub.com/SZabrodskii/gophermart-stas/internal/workers.(*accrualWorker).processOrder\n\t/home/stas/GolandProjects/go-musthave-diploma-tpl/internal/workers/accrual.go:90\ngithub.com/SZabrodskii/gophermart-stas/internal/workers.(*accrualWorker).processOrders\n\t/home/stas/GolandProjects/go-musthave-diploma-tpl/internal/workers/accrual.go:82\ngithub.com/SZabrodskii/gophermart-stas/internal/workers.(*accrualWorker).Start\n\t/home/stas/GolandProjects/go-musthave-diploma-tpl/internal/workers/accrual.go:61"}
{"level":"info","ts":1764468889.8625376,"caller":"logger/logger.go:20","msg":"Request failed, retrying","attempt":1,"max_attempts":4,"delay":"1s","error":"order not registered in accrual system"}
{"level":"info","ts":1764468890.8635285,"caller":"logger/logger.go:20","msg":"Request failed, retrying","attempt":2,"max_attempts":4,"delay":"2s","error":"order not registered in accrual system"}
{"level":"info","ts":1764468892.865494,"caller":"logger/logger.go:20","msg":"Request failed, retrying","attempt":3,"max_attempts":4,"delay":"4s","error":"order not registered in accrual system"}
{"level":"error","ts":1764468896.8687432,"caller":"logger/logger.go:28","msg":"Failed to get order info from accrual","error":"all retry attempts failed, last error: order not registered in accrual system","error":"order","stacktrace":"github.com/SZabrodskii/gophermart-stas/pkg/logger.(*ZapLogger).Error\n\t/home/stas/GolandProjects/go-musthave-diploma-tpl/pkg/logger/logger.go:28\ngithub.com/SZabrodskii/gophermart-stas/internal/workers.(*accrualWorker).processOrder\n\t/home/stas/GolandProjects/go-musthave-diploma-tpl/internal/workers/accrual.go:90\ngithub.com/SZabrodskii/gophermart-stas/internal/workers.(*accrualWorker).processOrders\n\t/home/stas/GolandProjects/go-musthave-diploma-tpl/internal/workers/accrual.go:82\ngithub.com/SZabrodskii/gophermart-stas/internal/workers.(*accrualWorker).Start\n\t/home/stas/GolandProjects/go-musthave-diploma-tpl/internal/workers/accrual.go:61"}
{"level":"info","ts":1764468896.8692431,"caller":"logger/logger.go:20","msg":"Request failed, retrying","attempt":1,"max_attempts":4,"delay":"1s","error":"order not registered in accrual system"}
{"level":"info","ts":1764468897.8703744,"caller":"logger/logger.go:20","msg":"Request failed, retrying","attempt":2,"max_attempts":4,"delay":"2s","error":"order not registered in accrual system"}
{"level":"info","ts":1764468899.8716679,"caller":"logger/logger.go:20","msg":"Request failed, retrying","attempt":3,"max_attempts":4,"delay":"4s","error":"order not registered in accrual system"}
{"level":"error","ts":1764468903.8743157,"caller":"logger/logger.go:28","msg":"Failed to get order info from accrual","error":"all retry attempts failed, last error: order not registered in accrual system","error":"order","stacktrace":"github.com/SZabrodskii/gophermart-stas/pkg/logger.(*ZapLogger).Error\n\t/home/stas/GolandProjects/go-musthave-diploma-tpl/pkg/logger/logger.go:28\ngithub.com/SZabrodskii/gophermart-stas/internal/workers.(*accrualWorker).processOrder\n\t/home/stas/GolandProjects/go-musthave-diploma-tpl/internal/workers/accrual.go:90\ngithub.com/SZabrodskii/gophermart-stas/internal/workers.(*accrualWorker).processOrders\n\t/home/stas/GolandProjects/go-musthave-diploma-tpl/internal/workers/accrual.go:82\ngithub.com/SZabrodskii/gophermart-stas/internal/workers.(*accrualWorker).Start\n\t/home/stas/GolandProjects/go-musthave-diploma-tpl/internal/workers/accrual.go:61"}
{"level":"info","ts":1764468903.8744876,"caller":"logger/logger.go:20","msg":"Request failed, retrying","attempt":1,"max_attempts":4,"delay":"1s","error":"order not registered in accrual system"}
{"level":"info","ts":1764468904.8755026,"caller":"logger/logger.go:20","msg":"Request failed, retrying","attempt":2,"max_attempts":4,"delay":"2s","error":"order not registered in accrual system"}
{"level":"info","ts":1764468906.8766797,"caller":"logger/logger.go:20","msg":"Request failed, retrying","attempt":3,"max_attempts":4,"delay":"4s","error":"order not registered in accrual system"}
{"level":"error","ts":1764468910.8792725,"caller":"logger/logger.go:28","msg":"Failed to get order info from accrual","error":"all retry attempts failed, last error: order not registered in accrual system","error":"order","stacktrace":"github.com/SZabrodskii/gophermart-stas/pkg/logger.(*ZapLogger).Error\n\t/home/stas/GolandProjects/go-musthave-diploma-tpl/pkg/logger/logger.go:28\ngithub.com/SZabrodskii/gophermart-stas/internal/workers.(*accrualWorker).processOrder\n\t/home/stas/GolandProjects/go-musthave-diploma-tpl/internal/workers/accrual.go:90\ngithub.com/SZabrodskii/gophermart-stas/internal/workers.(*accrualWorker).processOrders\n\t/home/stas/GolandProjects/go-musthave-diploma-tpl/internal/workers/accrual.go:82\ngithub.com/SZabrodskii/gophermart-stas/internal/workers.(*accrualWorker).Start\n\t/home/stas/GolandProjects/go-musthave-diploma-tpl/internal/workers/accrual.go:61"}
{"level":"info","ts":1764468910.8794436,"caller":"logger/logger.go:20","msg":"Request failed, retrying","attempt":1,"max_attempts":4,"delay":"1s","error":"order not registered in accrual system"}
{"level":"info","ts":1764468911.8798208,"caller":"logger/logger.go:20","msg":"Request failed, retrying","attempt":2,"max_attempts":4,"delay":"2s","error":"order not registered in accrual system"}
{"level":"info","ts":1764468913.8806875,"caller":"logger/logger.go:20","msg":"Request failed, retrying","attempt":3,"max_attempts":4,"delay":"4s","error":"order not registered in accrual system"}
{"level":"error","ts":1764468917.883474,"caller":"logger/logger.go:28","msg":"Failed to get order info from accrual","error":"all retry attempts failed, last error: order not registered in accrual system","error":"order","stacktrace":"github.com/SZabrodskii/gophermart-stas/pkg/logger.(*ZapLogger).Error\n\t/home/stas/GolandProjects/go-musthave-diploma-tpl/pkg/logger/logger.go:28\ngithub.com/SZabrodskii/gophermart-stas/internal/workers.(*accrualWorker).processOrder\n\t/home/stas/GolandProjects/go-musthave-diploma-tpl/internal/workers/accrual.go:90\ngithub.com/SZabrodskii/gophermart-stas/internal/workers.(*accrualWorker).processOrders\n\t/home/stas/GolandProjects/go-musthave-diploma-tpl/internal/workers/accrual.go:82\ngithub.com/SZabrodskii/gophermart-stas/internal/workers.(*accrualWorker).Start\n\t/home/stas/GolandProjects/go-musthave-diploma-tpl/internal/workers/accrual.go:61"}
{"level":"info","ts":1764468917.8839657,"caller":"logger/logger.go:20","msg":"Request failed, retrying","attempt":1,"max_attempts":4,"delay":"1s","error":"order not registered in accrual system"}
{"level":"info","ts":1764468918.8842795,"caller":"logger/logger.go:20","msg":"Request failed, retrying","attempt":2,"max_attempts":4,"delay":"2s","error":"order not registered in accrual system"}
{"level":"info","ts":1764468920.8853629,"caller":"logger/logger.go:20","msg":"Request failed, retrying","attempt":3,"max_attempts":4,"delay":"4s","error":"order not registered in accrual system"}
{"level":"error","ts":1764468924.8889618,"caller":"logger/logger.go:28","msg":"Failed to get order info from accrual","error":"all retry attempts failed, last error: order not registered in accrual system","error":"order","stacktrace":"github.com/SZabrodskii/gophermart-stas/pkg/logger.(*ZapLogger).Error\n\t/home/stas/GolandProjects/go-musthave-diploma-tpl/pkg/logger/logger.go:28\ngithub.com/SZabrodskii/gophermart-stas/internal/workers.(*accrualWorker).processOrder\n\t/home/stas/GolandProjects/go-musthave-diploma-tpl/internal/workers/accrual.go:90\ngithub.com/SZabrodskii/gophermart-stas/internal/workers.(*accrualWorker).processOrders\n\t/home/stas/GolandProjects/go-musthave-diploma-tpl/internal/workers/accrual.go:82\ngithub.com/SZabrodskii/gophermart-stas/internal/workers.(*accrualWorker).Start\n\t/home/stas/GolandProjects/go-musthave-diploma-tpl/internal/workers/accrual.go:61"}
{"level":"info","ts":1764468924.8891556,"caller":"logger/logger.go:20","msg":"Request failed, retrying","attempt":1,"max_attempts":4,"delay":"1s","error":"order not registered in accrual system"}
{"level":"info","ts":1764468925.8895218,"caller":"logger/logger.go:20","msg":"Request failed, retrying","attempt":2,"max_attempts":4,"delay":"2s","error":"order not registered in accrual system"}
{"level":"info","ts":1764468927.890456,"caller":"logger/logger.go:20","msg":"Request failed, retrying","attempt":3,"max_attempts":4,"delay":"4s","error":"order not registered in accrual system"}
{"level":"error","ts":1764468931.8932898,"caller":"logger/logger.go:28","msg":"Failed to get order info from accrual","error":"all retry attempts failed, last error: order not registered in accrual system","error":"order","stacktrace":"github.com/SZabrodskii/gophermart-stas/pkg/logger.(*ZapLogger).Error\n\t/home/stas/GolandProjects/go-musthave-diploma-tpl/pkg/logger/logger.go:28\ngithub.com/SZabrodskii/gophermart-stas/internal/workers.(*accrualWorker).processOrder\n\t/home/stas/GolandProjects/go-musthave-diploma-tpl/internal/workers/accrual.go:90\ngithub.com/SZabrodskii/gophermart-stas/internal/workers.(*accrualWorker).processOrders\n\t/home/stas/GolandProjects/go-musthave-diploma-tpl/internal/workers/accrual.go:82\ngithub.com/SZabrodskii/gophermart-stas/internal/workers.(*accrualWorker).Start\n\t/home/stas/GolandProjects/go-musthave-diploma-tpl/internal/workers/accrual.go:61"}
{"level":"info","ts":1764468931.8934798,"caller":"logger/logger.go:20","msg":"Request failed, retrying","attempt":1,"max_attempts":4,"delay":"1s","error":"order not registered in accrual system"}
{"level":"info","ts":1764468932.8943734,"caller":"logger/logger.go:20","msg":"Request failed, retrying","attempt":2,"max_attempts":4,"delay":"2s","error":"order not registered in accrual system"}
{"level":"info","ts":1764468934.8953178,"caller":"logger/logger.go:20","msg":"Request failed, retrying","attempt":3,"max_attempts":4,"delay":"4s","error":"order not registered in accrual system"}
{"level":"error","ts":1764468938.8983178,"caller":"logger/logger.go:28","msg":"Failed to get order info from accrual","error":"all retry attempts failed, last error: order not registered in accrual system","error":"order","stacktrace":"github.com/SZabrodskii/gophermart-stas/pkg/logger.(*ZapLogger).Error\n\t/home/stas/GolandProjects/go-musthave-diploma-tpl/pkg/logger/logger.go:28\ngithub.com/SZabrodskii/gophermart-stas/internal/workers.(*accrualWorker).processOrder\n\t/home/stas/GolandProjects/go-musthave-diploma-tpl/internal/workers/accrual.go:90\ngithub.com/SZabrodskii/gophermart-stas/internal/workers.(*accrualWorker).processOrders\n\t/home/stas/GolandProjects/go-musthave-diploma-tpl/internal/workers/accrual.go:82\ngithub.com/SZabrodskii/gophermart-stas/internal/workers.(*accrualWorker).Start\n\t/home/stas/GolandProjects/go-musthave-diploma-tpl/internal/workers/accrual.go:61"}
{"level":"info","ts":1764468938.8988683,"caller":"logger/logger.go:20","msg":"Request failed, retrying","attempt":1,"max_attempts":4,"delay":"1s","error":"order not registered in accrual system"}
{"level":"info","ts":1764468939.9000576,"caller":"logger/logger.go:20","msg":"Request failed, retrying","attempt":2,"max_attempts":4,"delay":"2s","error":"order not registered in accrual system"}
{"level":"info","ts":1764468941.9012659,"caller":"logger/logger.go:20","msg":"Request failed, retrying","attempt":3,"max_attempts":4,"delay":"4s","error":"order not registered in accrual system"}
{"level":"error","ts":1764468945.9042416,"caller":"logger/logger.go:28","msg":"Failed to get order info from accrual","error":"all retry attempts failed, last error: order not registered in accrual system","error":"order","stacktrace":"github.com/SZabrodskii/gophermart-stas/pkg/logger.(*ZapLogger).Error\n\t/home/stas/GolandProjects/go-musthave-diploma-tpl/pkg/logger/logger.go:28\ngithub.com/SZabrodskii/gophermart-stas/internal/workers.(*accrualWorker).processOrder\n\t/home/stas/GolandProjects/go-musthave-diploma-tpl/internal/workers/accrual.go:90\ngithub.com/SZabrodskii/gophermart-stas/internal/workers.(*accrualWorker).processOrders\n\t/home/stas/GolandProjects/go-musthave-diploma-tpl/internal/workers/accrual.go:82\ngithub.com/SZabrodskii/gophermart-stas/internal/workers.(*accrualWorker).Start\n\t/home/stas/GolandProjects/go-musthave-diploma-tpl/internal/workers/accrual.go:61"}
{"level":"info","ts":1764468945.9044366,"caller":"logger/logger.go:20","msg":"Request failed, retrying","attempt":1,"max_attempts":4,"delay":"1s","error":"order not registered in accrual system"}
{"level":"info","ts":1764468946.9053266,"caller":"logger/logger.go:20","msg":"Request failed, retrying","attempt":2,"max_attempts":4,"delay":"2s","error":"order not registered in accrual system"}
{"level":"info","ts":1764468948.9062562,"caller":"logger/logger.go:20","msg":"Request failed, retrying","attempt":3,"max_attempts":4,"delay":"4s","error":"order not registered in accrual system"}
{"level":"error","ts":1764468952.909343,"caller":"logger/logger.go:28","msg":"Failed to get order info from accrual","error":"all retry attempts failed, last error: order not registered in accrual system","error":"order","stacktrace":"github.com/SZabrodskii/gophermart-stas/pkg/logger.(*ZapLogger).Error\n\t/home/stas/GolandProjects/go-musthave-diploma-tpl/pkg/logger/logger.go:28\ngithub.com/SZabrodskii/gophermart-stas/internal/workers.(*accrualWorker).processOrder\n\t/home/stas/GolandProjects/go-musthave-diploma-tpl/internal/workers/accrual.go:90\ngithub.com/SZabrodskii/gophermart-stas/internal/workers.(*accrualWorker).processOrders\n\t/home/stas/GolandProjects/go-musthave-diploma-tpl/internal/workers/accrual.go:82\ngithub.com/SZabrodskii/gophermart-stas/internal/workers.(*accrualWorker).Start\n\t/home/stas/GolandProjects/go-musthave-diploma-tpl/internal/workers/accrual.go:61"}
{"level":"info","ts":1764468952.9096029,"caller":"logger/logger.go:20","msg":"Updating order","order":"12345678903","old_status":"NEW","new_status":"PROCESSED"}
{"level":"info","ts":1764468952.9106014,"caller":"logger/logger.go:20","msg":"Order status updated","order":"12345678903","status":"PROCESSED","accrual":0}
{"level":"info","ts":1764468952.9109015,"caller":"logger/logger.go:20","msg":"Request failed, retrying","attempt":1,"max_attempts":4,"delay":"1s","error":"order not registered in accrual system"}
{"level":"info","ts":1764468953.912419,"caller":"logger/logger.go:20","msg":"Request failed, retrying","attempt":2,"max_attempts":4,"delay":"2s","error":"order not registered in accrual system"}
{"level":"info","ts":1764468955.9135032,"caller":"logger/logger.go:20","msg":"Request failed, retrying","attempt":3,"max_attempts":4,"delay":"4s","error":"order not registered in accrual system"}
{"level":"error","ts":1764468959.9146342,"caller":"logger/logger.go:28","msg":"Failed to get order info from accrual","error":"all retry attempts failed, last error: order not registered in accrual system","error":"order","stacktrace":"github.com/SZabrodskii/gophermart-stas/pkg/logger.(*ZapLogger).Error\n\t/home/stas/GolandProjects/go-musthave-diploma-tpl/pkg/logger/logger.go:28\ngithub.com/SZabrodskii/gophermart-stas/internal/workers.(*accrualWorker).processOrder\n\t/home/stas/GolandProjects/go-musthave-diploma-tpl/internal/workers/accrual.go:90\ngithub.com/SZabrodskii/gophermart-stas/internal/workers.(*accrualWorker).processOrders\n\t/home/stas/GolandProjects/go-musthave-diploma-tpl/internal/workers/accrual.go:82\ngithub.com/SZabrodskii/gophermart-stas/internal/workers.(*accrualWorker).Start\n\t/home/stas/GolandProjects/go-musthave-diploma-tpl/internal/workers/accrual.go:61"}
{"level":"info","ts":1764468959.9147873,"caller":"logger/logger.go:20","msg":"Request failed, retrying","attempt":1,"max_attempts":4,"delay":"1s","error":"order not registered in accrual system"}
{"level":"info","ts":1764468960.9158423,"caller":"logger/logger.go:20","msg":"Request failed, retrying","attempt":2,"max_attempts":4,"delay":"2s","error":"order not registered in accrual system"}
{"level":"info","ts":1764468962.9163494,"caller":"logger/logger.go:20","msg":"Request failed, retrying","attempt":3,"max_attempts":4,"delay":"4s","error":"order not registered in accrual system"}
{"level":"error","ts":1764468966.919278,"caller":"logger/logger.go:28","msg":"Failed to get order info from accrual","error":"all retry attempts failed, last error: order not registered in accrual system","error":"order","stacktrace":"github.com/SZabrodskii/gophermart-stas/pkg/logger.(*ZapLogger).Error\n\t/home/stas/GolandProjects/go-musthave-diploma-tpl/pkg/logger/logger.go:28\ngithub.com/SZabrodskii/gophermart-stas/internal/workers.(*accrualWorker).processOrder\n\t/home/stas/GolandProjects/go-musthave-diploma-tpl/internal/workers/accrual.go:90\ngithub.com/SZabrodskii/gophermart-stas/internal/workers.(*accrualWorker).processOrders\n\t/home/stas/GolandProjects/go-musthave-diploma-tpl/internal/workers/accrual.go:82\ngithub.com/SZabrodskii/gophermart-stas/internal/workers.(*accrualWorker).Start\n\t/home/stas/GolandProjects/go-musthave-diploma-tpl/internal/workers/accrual.go:61"}
{"level":"info","ts":1764468966.9196985,"caller":"logger/logger.go:20","msg":"Request failed, retrying","attempt":1,"max_attempts":4,"delay":"1s","error":"order not registered in accrual system"}
{"level":"info","ts":1764468967.9206705,"caller":"logger/logger.go:20","msg":"Request failed, retrying","attempt":2,"max_attempts":4,"delay":"2s","error":"order not registered in accrual system"}
{"level":"info","ts":1764468969.9217055,"caller":"logger/logger.go:20","msg":"Request failed, retrying","attempt":3,"max_attempts":4,"delay":"4s","error":"order not registered in accrual system"}
{"level":"error","ts":1764468973.9246793,"caller":"logger/logger.go:28","msg":"Failed to get order info from accrual","error":"all retry attempts failed, last error: order not registered in accrual system","error":"order","stacktrace":"github.com/SZabrodskii/gophermart-stas/pkg/logger.(*ZapLogger).Error\n\t/home/stas/GolandProjects/go-musthave-diploma-tpl/pkg/logger/logger.go:28\ngithub.com/SZabrodskii/gophermart-stas/internal/workers.(*accrualWorker).processOrder\n\t/home/stas/GolandProjects/go-musthave-diploma-tpl/internal/workers/accrual.go:90\ngithub.com/SZabrodskii/gophermart-stas/internal/workers.(*accrualWorker).processOrders\n\t/home/stas/GolandProjects/go-musthave-diploma-tpl/internal/workers/accrual.go:82\ngithub.com/SZabrodskii/gophermart-stas/internal/workers.(*accrualWorker).Start\n\t/home/stas/GolandProjects/go-musthave-diploma-tpl/internal/workers/accrual.go:61"}
{"level":"info","ts":1764468973.924889,"caller":"logger/logger.go:20","msg":"Request failed, retrying","attempt":1,"max_attempts":4,"delay":"1s","error":"order not registered in accrual system"}
{"level":"info","ts":1764468974.9259923,"caller":"logger/logger.go:20","msg":"Request failed, retrying","attempt":2,"max_attempts":4,"delay":"2s","error":"order not registered in accrual system"}
{"level":"info","ts":1764468976.927271,"caller":"logger/logger.go:20","msg":"Request failed, retrying","attempt":3,"max_attempts":4,"delay":"4s","error":"order not registered in accrual system"}
{"level":"error","ts":1764468980.9303927,"caller":"logger/logger.go:28","msg":"Failed to get order info from accrual","error":"all retry attempts failed, last error: order not registered in accrual system","error":"order","stacktrace":"github.com/SZabrodskii/gophermart-stas/pkg/logger.(*ZapLogger).Error\n\t/home/stas/GolandProjects/go-musthave-diploma-tpl/pkg/logger/logger.go:28\ngithub.com/SZabrodskii/gophermart-stas/internal/workers.(*accrualWorker).processOrder\n\t/home/stas/GolandProjects/go-musthave-diploma-tpl/internal/workers/accrual.go:90\ngithub.com/SZabrodskii/gophermart-stas/internal/workers.(*accrualWorker).processOrders\n\t/home/stas/GolandProjects/go-musthave-diploma-tpl/internal/workers/accrual.go:82\ngithub.com/SZabrodskii/gophermart-stas/internal/workers.(*accrualWorker).Start\n\t/home/stas/GolandProjects/go-musthave-diploma-tpl/internal/workers/accrual.go:61"}
{"level":"info","ts":1764468980.9309232,"caller":"logger/logger.go:20","msg":"Request failed, retrying","attempt":1,"max_attempts":4,"delay":"1s","error":"order not registered in accrual system"}
{"level":"info","ts":1764468981.93137,"caller":"logger/logger.go:20","msg":"Request failed, retrying","attempt":2,"max_attempts":4,"delay":"2s","error":"order not registered in accrual system"}
{"level":"info","ts":1764468983.9323611,"caller":"logger/logger.go:20","msg":"Request failed, retrying","attempt":3,"max_attempts":4,"delay":"4s","error":"order not registered in accrual system"}
{"level":"error","ts":1764468987.9355226,"caller":"logger/logger.go:28","msg":"Failed to get order info from accrual","error":"all retry attempts failed, last error: order not registered in accrual system","error":"order","stacktrace":"github.com/SZabrodskii/gophermart-stas/pkg/logger.(*ZapLogger).Error\n\t/home/stas/GolandProjects/go-musthave-diploma-tpl/pkg/logger/logger.go:28\ngithub.com/SZabrodskii/gophermart-stas/internal/workers.(*accrualWorker).processOrder\n\t/home/stas/GolandProjects/go-musthave-diploma-tpl/internal/workers/accrual.go:90\ngithub.com/SZabrodskii/gophermart-stas/internal/workers.(*accrualWorker).processOrders\n\t/home/stas/GolandProjects/go-musthave-diploma-tpl/internal/workers/accrual.go:82\ngithub.com/SZabrodskii/gophermart-stas/internal/workers.(*accrualWorker).Start\n\t/home/stas/GolandProjects/go-musthave-diploma-tpl/internal/workers/accrual.go:61"}
{"level":"info","ts":1764468987.935788,"caller":"logger/logger.go:20","msg":"Request failed, retrying","attempt":1,"max_attempts":4,"delay":"1s","error":"order not registered in accrual system"}
{"level":"info","ts":1764468988.93615,"caller":"logger/logger.go:20","msg":"Request failed, retrying","attempt":2,"max_attempts":4,"delay":"2s","error":"order not registered in accrual system"}
{"level":"info","ts":1764468990.9372237,"caller":"logger/logger.go:20","msg":"Request failed, retrying","attempt":3,"max_attempts":4,"delay":"4s","error":"order not registered in accrual system"}
{"level":"error","ts":1764468994.9402995,"caller":"logger/logger.go:28","msg":"Failed to get order info from accrual","error":"all retry attempts failed, last error: order not registered in accrual system","error":"order","stacktrace":"github.com/SZabrodskii/gophermart-stas/pkg/logger.(*ZapLogger).Error\n\t/home/stas/GolandProjects/go-musthave-diploma-tpl/pkg/logger/logger.go:28\ngithub.com/SZabrodskii/gophermart-stas/internal/workers.(*accrualWorker).processOrder\n\t/home/stas/GolandProjects/go-musthave-diploma-tpl/internal/workers/accrual.go:90\ngithub.com/SZabrodskii/gophermart-stas/internal/workers.(*accrualWorker).processOrders\n\t/home/stas/GolandProjects/go-musthave-diploma-tpl/internal/workers/accrual.go:82\ngithub.com/SZabrodskii/gophermart-stas/internal/workers.(*accrualWorker).Start\n\t/home/stas/GolandProjects/go-musthave-diploma-tpl/internal/workers/accrual.go:61"}
{"level":"info","ts":1764468994.9406998,"caller":"logger/logger.go:20","msg":"Request failed, retrying","attempt":1,"max_attempts":4,"delay":"1s","error":"order not registered in accrual system"}
{"level":"info","ts":1764468995.9412484,"caller":"logger/logger.go:20","msg":"Request failed, retrying","attempt":2,"max_attempts":4,"delay":"2s","error":"order not registered in accrual system"}
[Fx] TERMINATED
[Fx] HOOK OnStop		github.com/SZabrodskii/gophermart-stas/internal/server.NewHTTPServer.func2() executing (caller: github.com/SZabrodskii/gophermart-stas/internal/server.NewHTTPServer)
{"level":"info","ts":1764468997.842129,"caller":"logger/logger.go:20","msg":"Stopping HTTP server"}
[Fx] HOOK OnStop		github.com/SZabrodskii/gophermart-stas/internal/server.NewHTTPServer.func2() called by github.com/SZabrodskii/gophermart-stas/internal/server.NewHTTPServer ran successfully in 36.896µs
[Fx] HOOK OnStop		github.com/SZabrodskii/gophermart-stas/internal/database.New.func2() executing (caller: github.com/SZabrodskii/gophermart-stas/internal/database.New)
{"level":"info","ts":1764468997.8422012,"caller":"logger/logger.go:20","msg":"Closing database connection"}
[Fx] HOOK OnStop		github.com/SZabrodskii/gophermart-stas/internal/database.New.func2() called by github.com/SZabrodskii/gophermart-stas/internal/database.New ran successfully in 67.95µs
[Fx] HOOK OnStop		github.com/SZabrodskii/gophermart-stas/pkg/logger.NewZapInstance.func1() executing (caller: github.com/SZabrodskii/gophermart-stas/pkg/logger.NewZapInstance)
[Fx] HOOK OnStop		github.com/SZabrodskii/gophermart-stas/pkg/logger.NewZapInstance.func1() called by github.com/SZabrodskii/gophermart-stas/pkg/logger.NewZapInstance ran successfully in 948.528µs
/accrual.go:82\ngithub.com/SZabrodskii/gophermart-stas/internal/workers.(*accrualWorker).Start\n\t/home/stas/GolandProjects/go-musthave-diploma-tpl/internal/workers/accrual.go:61"}
{"level":"info","ts":1764468995.7414398,"caller":"logger/logger.go:20","msg":"Request failed, retrying","attempt":1,"max_attempts":4,"delay":"1s","error":"order not registered in accrual system"}
{"level":"info","ts":1764468996.7423697,"caller":"logger/logger.go:20","msg":"Request failed, retrying","attempt":2,"max_attempts":4,"delay":"2s","error":"order not registered in accrual system"}
[Fx] TERMINATED
[Fx] HOOK OnStop		github.com/SZabrodskii/gophermart-stas/internal/server.NewHTTPServer.func2() executing (caller: github.com/SZabrodskii/gophermart-stas/internal/server.NewHTTPServer)
{"level":"info","ts":1764468997.8418067,"caller":"logger/logger.go:20","msg":"shutting down server","signal":"terminated"}
{"level":"info","ts":1764468997.8418992,"caller":"logger/logger.go:20","msg":"Stopping HTTP server"}
[Fx] HOOK OnStop		github.com/SZabrodskii/gophermart-stas/internal/server.NewHTTPServer.func2() called by github.com/SZabrodskii/gophermart-stas/internal/server.NewHTTPServer ran successfully in 114.86µs
[Fx] HOOK OnStop		github.com/SZabrodskii/gophermart-stas/internal/database.New.func2() executing (caller: github.com/SZabrodskii/gophermart-stas/internal/database.New)
{"level":"info","ts":1764468997.8420436,"caller":"logger/logger.go:20","msg":"Closing database connection"}
[Fx] HOOK OnStop		github.com/SZabrodskii/gophermart-stas/internal/database.New.func2() called by github.com/SZabrodskii/gophermart-stas/internal/database.New ran successfully in 62.281µs
[Fx] HOOK OnStop		github.com/SZabrodskii/gophermart-stas/pkg/logger.NewZapInstance.func1() executing (caller: github.com/SZabrodskii/gophermart-stas/pkg/logger.NewZapInstance)
[Fx] HOOK OnStop		github.com/SZabrodskii/gophermart-stas/pkg/logger.NewZapInstance.func1() called by github.com/SZabrodskii/gophermart-stas/pkg/logger.NewZapInstance ran successfully in 1.1174ms
